Archive member included because of file (symbol)

c:/winavr-20100110/bin/../lib/gcc/avr/4.3.3/avr5\libgcc.a(_exit.o)
                              c:/winavr-20100110/bin/../lib/gcc/avr/4.3.3/../../../../avr/lib/avr5/crtm163.o (exit)
c:/winavr-20100110/bin/../lib/gcc/avr/4.3.3/avr5\libgcc.a(_copy_data.o)
                              main.o (__do_copy_data)
c:/winavr-20100110/bin/../lib/gcc/avr/4.3.3/avr5\libgcc.a(_clear_bss.o)
                              crypt.o (__do_clear_bss)

Allocating common symbols
Common symbol       size              file

direction           0x1               io.o
buffer              0x10              example_AES.o

Memory Configuration

Name             Origin             Length             Attributes
text             0x00000000         0x00020000         xr
data             0x00800060         0x0000ffa0         rw !x
eeprom           0x00810000         0x00010000         rw !x
fuse             0x00820000         0x00000400         rw !x
lock             0x00830000         0x00000400         rw !x
signature        0x00840000         0x00000400         rw !x
*default*        0x00000000         0xffffffff

Linker script and memory map

LOAD c:/winavr-20100110/bin/../lib/gcc/avr/4.3.3/../../../../avr/lib/avr5/crtm163.o
LOAD main.o
LOAD commands.o
LOAD io.o
LOAD t1.o
LOAD crypt.o
LOAD example_C.o
LOAD example_ASM.o
LOAD example_AES.o
LOAD c:/winavr-20100110/bin/../lib/gcc/avr/4.3.3/avr5\libgcc.a
LOAD c:/winavr-20100110/bin/../lib/gcc/avr/4.3.3/../../../../avr/lib/avr5\libc.a
LOAD c:/winavr-20100110/bin/../lib/gcc/avr/4.3.3/avr5\libgcc.a

.hash
 *(.hash)

.dynsym
 *(.dynsym)

.dynstr
 *(.dynstr)

.gnu.version
 *(.gnu.version)

.gnu.version_d
 *(.gnu.version_d)

.gnu.version_r
 *(.gnu.version_r)

.rel.init
 *(.rel.init)

.rela.init
 *(.rela.init)

.rel.text
 *(.rel.text)
 *(.rel.text.*)
 *(.rel.gnu.linkonce.t*)

.rela.text
 *(.rela.text)
 *(.rela.text.*)
 *(.rela.gnu.linkonce.t*)

.rel.fini
 *(.rel.fini)

.rela.fini
 *(.rela.fini)

.rel.rodata
 *(.rel.rodata)
 *(.rel.rodata.*)
 *(.rel.gnu.linkonce.r*)

.rela.rodata
 *(.rela.rodata)
 *(.rela.rodata.*)
 *(.rela.gnu.linkonce.r*)

.rel.data
 *(.rel.data)
 *(.rel.data.*)
 *(.rel.gnu.linkonce.d*)

.rela.data
 *(.rela.data)
 *(.rela.data.*)
 *(.rela.gnu.linkonce.d*)

.rel.ctors
 *(.rel.ctors)

.rela.ctors
 *(.rela.ctors)

.rel.dtors
 *(.rel.dtors)

.rela.dtors
 *(.rela.dtors)

.rel.got
 *(.rel.got)

.rela.got
 *(.rela.got)

.rel.bss
 *(.rel.bss)

.rela.bss
 *(.rela.bss)

.rel.plt
 *(.rel.plt)

.rela.plt
 *(.rela.plt)

.text           0x00000000     0x1066
 *(.vectors)
 .vectors       0x00000000       0x48 c:/winavr-20100110/bin/../lib/gcc/avr/4.3.3/../../../../avr/lib/avr5/crtm163.o
                0x00000000                __vectors
                0x00000000                __vector_default
 *(.vectors)
 *(.progmem.gcc*)
 *(.progmem*)
                0x00000048                . = ALIGN (0x2)
                0x00000048                __trampolines_start = .
 *(.trampolines)
 .trampolines   0x00000048        0x0 linker stubs
 *(.trampolines*)
                0x00000048                __trampolines_end = .
 *(.jumptables)
 *(.jumptables*)
 *(.lowtext)
 *(.lowtext*)
                0x00000048                __ctors_start = .
 *(.ctors)
                0x00000048                __ctors_end = .
                0x00000048                __dtors_start = .
 *(.dtors)
                0x00000048                __dtors_end = .
 SORT(*)(.ctors)
 SORT(*)(.dtors)
 *(.init0)
 .init0         0x00000048        0x0 c:/winavr-20100110/bin/../lib/gcc/avr/4.3.3/../../../../avr/lib/avr5/crtm163.o
                0x00000048                __init
 *(.init0)
 *(.init1)
 *(.init1)
 *(.init2)
 .init2         0x00000048        0xc c:/winavr-20100110/bin/../lib/gcc/avr/4.3.3/../../../../avr/lib/avr5/crtm163.o
 *(.init2)
 *(.init3)
 *(.init3)
 *(.init4)
 .init4         0x00000054       0x16 c:/winavr-20100110/bin/../lib/gcc/avr/4.3.3/avr5\libgcc.a(_copy_data.o)
                0x00000054                __do_copy_data
 .init4         0x0000006a       0x10 c:/winavr-20100110/bin/../lib/gcc/avr/4.3.3/avr5\libgcc.a(_clear_bss.o)
                0x0000006a                __do_clear_bss
 *(.init4)
 *(.init5)
 *(.init5)
 *(.init6)
 *(.init6)
 *(.init7)
 *(.init7)
 *(.init8)
 *(.init8)
 *(.init9)
 .init9         0x0000007a        0x8 c:/winavr-20100110/bin/../lib/gcc/avr/4.3.3/../../../../avr/lib/avr5/crtm163.o
 *(.init9)
 *(.text)
 .text          0x00000082        0x4 c:/winavr-20100110/bin/../lib/gcc/avr/4.3.3/../../../../avr/lib/avr5/crtm163.o
                0x00000082                __vector_1
                0x00000082                __vector_12
                0x00000082                __bad_interrupt
                0x00000082                __vector_6
                0x00000082                __vector_3
                0x00000082                __vector_11
                0x00000082                __vector_13
                0x00000082                __vector_17
                0x00000082                __vector_7
                0x00000082                __vector_5
                0x00000082                __vector_4
                0x00000082                __vector_9
                0x00000082                __vector_2
                0x00000082                __vector_15
                0x00000082                __vector_8
                0x00000082                __vector_14
                0x00000082                __vector_10
                0x00000082                __vector_16
 .text          0x00000086       0x3c main.o
                0x00000086                main
 .text          0x000000c2      0x168 commands.o
                0x000000e0                command_verify_APDU_length
                0x000000c2                command_verify_APDU_parameters
                0x000000fe                command_handler
 .text          0x0000022a      0x110 io.o
                0x000002c0                sendbytet0
                0x00000236                recbytet0
                0x00000232                delay1etu
 .text          0x0000033a      0x358 t1.o
                0x00000392                t1_set_unexpected_parameters
                0x00000514                t1_receive_APDU
                0x00000382                t1_set_unexpected_length
                0x0000034c                t1_reset_response_APDU
                0x00000362                t1_set_class_not_supported
                0x000004ba                t1_transmit_ATR
                0x00000372                t1_set_instruction_not_supported
                0x0000033a                t1_reset_command_APDU
                0x000003a4                t1_send_APDU
 .text          0x00000692      0x1ec crypt.o
                0x00000692                crypt_block_prepare_input
                0x000006be                crypt_block_prepare_output
                0x00000794                crypt_asm_encrypt_16
                0x000006f8                crypt_aes_encrypt_16
                0x00000830                crypt_c_encrypt_16
                0x000007e2                crypt_c_decrypt_16
                0x00000746                crypt_asm_decrypt_16
 .text          0x0000087e       0x8e example_C.o
                0x0000087e                encrypt_c_16
                0x000008ca                decrypt_c_16
 .text          0x0000090c      0x104 example_ASM.o
                0x0000098e                decrypt_asm_16
                0x0000090c                encrypt_asm_16
 .text          0x00000a10      0x652 example_AES.o
                0x00000faa                copy
                0x00000a10                KeyExpansion
                0x00000f02                add_round_key
                0x00000fcc                encrypt_aes_16
                0x00000b24                shift_rows
                0x00000f50                cipher
                0x00000b58                galois_mult
                0x00000b7c                mix_columns
                0x00000ae4                sub_bytes
 .text          0x00001062        0x0 c:/winavr-20100110/bin/../lib/gcc/avr/4.3.3/avr5\libgcc.a(_exit.o)
 .text          0x00001062        0x0 c:/winavr-20100110/bin/../lib/gcc/avr/4.3.3/avr5\libgcc.a(_copy_data.o)
 .text          0x00001062        0x0 c:/winavr-20100110/bin/../lib/gcc/avr/4.3.3/avr5\libgcc.a(_clear_bss.o)
                0x00001062                . = ALIGN (0x2)
 *(.text.*)
 .text.libgcc   0x00001062        0x0 c:/winavr-20100110/bin/../lib/gcc/avr/4.3.3/avr5\libgcc.a(_exit.o)
 .text.libgcc   0x00001062        0x0 c:/winavr-20100110/bin/../lib/gcc/avr/4.3.3/avr5\libgcc.a(_copy_data.o)
 .text.libgcc   0x00001062        0x0 c:/winavr-20100110/bin/../lib/gcc/avr/4.3.3/avr5\libgcc.a(_clear_bss.o)
                0x00001062                . = ALIGN (0x2)
 *(.fini9)
 .fini9         0x00001062        0x0 c:/winavr-20100110/bin/../lib/gcc/avr/4.3.3/avr5\libgcc.a(_exit.o)
                0x00001062                exit
                0x00001062                _exit
 *(.fini9)
 *(.fini8)
 *(.fini8)
 *(.fini7)
 *(.fini7)
 *(.fini6)
 *(.fini6)
 *(.fini5)
 *(.fini5)
 *(.fini4)
 *(.fini4)
 *(.fini3)
 *(.fini3)
 *(.fini2)
 *(.fini2)
 *(.fini1)
 *(.fini1)
 *(.fini0)
 .fini0         0x00001062        0x4 c:/winavr-20100110/bin/../lib/gcc/avr/4.3.3/avr5\libgcc.a(_exit.o)
 *(.fini0)
                0x00001066                _etext = .

.data           0x00800060      0x14c load address 0x00001066
                0x00800060                PROVIDE (__data_start, .)
 *(.data)
 .data          0x00800060        0x0 c:/winavr-20100110/bin/../lib/gcc/avr/4.3.3/../../../../avr/lib/avr5/crtm163.o
 .data          0x00800060       0x20 main.o
 .data          0x00800080        0x0 commands.o
 .data          0x00800080        0x0 io.o
 .data          0x00800080       0x10 t1.o
                0x00800086                ATR_HISTORICAL
                0x00800080                ATR
 .data          0x00800090       0x10 crypt.o
 .data          0x008000a0        0x0 example_C.o
 .data          0x008000a0        0x0 example_ASM.o
 .data          0x008000a0      0x10b example_AES.o
                0x008000a0                Rcon
 .data          0x008001ab        0x0 c:/winavr-20100110/bin/../lib/gcc/avr/4.3.3/avr5\libgcc.a(_exit.o)
 .data          0x008001ab        0x0 c:/winavr-20100110/bin/../lib/gcc/avr/4.3.3/avr5\libgcc.a(_copy_data.o)
 .data          0x008001ab        0x0 c:/winavr-20100110/bin/../lib/gcc/avr/4.3.3/avr5\libgcc.a(_clear_bss.o)
 *(.data*)
 *(.rodata)
 *(.rodata*)
 *(.gnu.linkonce.d*)
                0x008001ac                . = ALIGN (0x2)
 *fill*         0x008001ab        0x1 00
                0x008001ac                _edata = .
                0x008001ac                PROVIDE (__data_end, .)

.bss            0x008001ac       0x71
                0x008001ac                PROVIDE (__bss_start, .)
 *(.bss)
 .bss           0x008001ac        0x0 c:/winavr-20100110/bin/../lib/gcc/avr/4.3.3/../../../../avr/lib/avr5/crtm163.o
 .bss           0x008001ac        0x0 main.o
 .bss           0x008001ac        0x0 commands.o
 .bss           0x008001ac        0x0 io.o
 .bss           0x008001ac        0x0 t1.o
 .bss           0x008001ac       0x60 crypt.o
 .bss           0x0080020c        0x0 example_C.o
 .bss           0x0080020c        0x0 example_ASM.o
 .bss           0x0080020c        0x0 example_AES.o
 .bss           0x0080020c        0x0 c:/winavr-20100110/bin/../lib/gcc/avr/4.3.3/avr5\libgcc.a(_exit.o)
 .bss           0x0080020c        0x0 c:/winavr-20100110/bin/../lib/gcc/avr/4.3.3/avr5\libgcc.a(_copy_data.o)
 .bss           0x0080020c        0x0 c:/winavr-20100110/bin/../lib/gcc/avr/4.3.3/avr5\libgcc.a(_clear_bss.o)
 *(.bss*)
 *(COMMON)
 COMMON         0x0080020c        0x1 io.o
                0x0080020c                direction
 COMMON         0x0080020d       0x10 example_AES.o
                0x0080020d                buffer
                0x0080021d                PROVIDE (__bss_end, .)
                0x00001066                __data_load_start = LOADADDR (.data)
                0x000011b2                __data_load_end = (__data_load_start + SIZEOF (.data))

.noinit         0x0080021d        0x0
                0x0080021d                PROVIDE (__noinit_start, .)
 *(.noinit*)
                0x0080021d                PROVIDE (__noinit_end, .)
                0x0080021d                _end = .
                0x0080021d                PROVIDE (__heap_start, .)

.eeprom         0x00810000        0x0
 *(.eeprom*)
                0x00810000                __eeprom_end = .

.fuse
 *(.fuse)
 *(.lfuse)
 *(.hfuse)
 *(.efuse)

.lock
 *(.lock*)

.signature
 *(.signature*)

.stab
 *(.stab)

.stabstr
 *(.stabstr)

.stab.excl
 *(.stab.excl)

.stab.exclstr
 *(.stab.exclstr)

.stab.index
 *(.stab.index)

.stab.indexstr
 *(.stab.indexstr)

.comment
 *(.comment)

.debug
 *(.debug)

.line
 *(.line)

.debug_srcinfo
 *(.debug_srcinfo)

.debug_sfnames
 *(.debug_sfnames)

.debug_aranges  0x00000000      0x100
 *(.debug_aranges)
 .debug_aranges
                0x00000000       0x20 main.o
 .debug_aranges
                0x00000020       0x20 commands.o
 .debug_aranges
                0x00000040       0x20 io.o
 .debug_aranges
                0x00000060       0x20 t1.o
 .debug_aranges
                0x00000080       0x20 crypt.o
 .debug_aranges
                0x000000a0       0x20 example_C.o
 .debug_aranges
                0x000000c0       0x20 example_ASM.o
 .debug_aranges
                0x000000e0       0x20 example_AES.o

.debug_pubnames
                0x00000000      0x349
 *(.debug_pubnames)
 .debug_pubnames
                0x00000000       0x1b main.o
 .debug_pubnames
                0x0000001b       0x68 commands.o
 .debug_pubnames
                0x00000083      0x11d t1.o
 .debug_pubnames
                0x000001a0       0xc8 crypt.o
 .debug_pubnames
                0x00000268       0x34 example_C.o
 .debug_pubnames
                0x0000029c       0xad example_AES.o

.debug_info     0x00000000     0x1327
 *(.debug_info)
 .debug_info    0x00000000       0x90 main.o
 .debug_info    0x00000090      0x3be commands.o
 .debug_info    0x0000044e       0xc3 io.o
 .debug_info    0x00000511      0x3de t1.o
 .debug_info    0x000008ef      0x417 crypt.o
 .debug_info    0x00000d06      0x10a example_C.o
 .debug_info    0x00000e10       0xcc example_ASM.o
 .debug_info    0x00000edc      0x44b example_AES.o
 *(.gnu.linkonce.wi.*)

.debug_abbrev   0x00000000      0x6d5
 *(.debug_abbrev)
 .debug_abbrev  0x00000000       0x7a main.o
 .debug_abbrev  0x0000007a      0x10b commands.o
 .debug_abbrev  0x00000185       0x14 io.o
 .debug_abbrev  0x00000199      0x15d t1.o
 .debug_abbrev  0x000002f6      0x144 crypt.o
 .debug_abbrev  0x0000043a       0xa2 example_C.o
 .debug_abbrev  0x000004dc       0x14 example_ASM.o
 .debug_abbrev  0x000004f0      0x1e5 example_AES.o

.debug_line     0x00000000      0xe22
 *(.debug_line)
 .debug_line    0x00000000       0x63 main.o
 .debug_line    0x00000063      0x182 commands.o
 .debug_line    0x000001e5       0xba io.o
 .debug_line    0x0000029f      0x3f2 t1.o
 .debug_line    0x00000691      0x1eb crypt.o
 .debug_line    0x0000087c       0xc0 example_C.o
 .debug_line    0x0000093c       0xc0 example_ASM.o
 .debug_line    0x000009fc      0x426 example_AES.o

.debug_frame    0x00000000      0x250
 *(.debug_frame)
 .debug_frame   0x00000000       0x20 main.o
 .debug_frame   0x00000020       0x40 commands.o
 .debug_frame   0x00000060       0xa0 t1.o
 .debug_frame   0x00000100       0x80 crypt.o
 .debug_frame   0x00000180       0x30 example_C.o
 .debug_frame   0x000001b0       0xa0 example_AES.o

.debug_str      0x00000000      0x40c
 *(.debug_str)
 .debug_str     0x00000000       0xbe main.o
                                 0xcb (size before relaxing)
 .debug_str     0x000000be       0xb9 commands.o
                                0x175 (size before relaxing)
 .debug_str     0x00000177       0xf6 t1.o
                                0x1ee (size before relaxing)
 .debug_str     0x0000026d       0xa5 crypt.o
                                0x1a9 (size before relaxing)
 .debug_str     0x00000312       0x4e example_C.o
                                0x13e (size before relaxing)
 .debug_str     0x00000360       0xac example_AES.o
                                0x1c8 (size before relaxing)

.debug_loc      0x00000000      0x92c
 *(.debug_loc)
 .debug_loc     0x00000000      0x1a0 commands.o
 .debug_loc     0x000001a0      0x249 t1.o
 .debug_loc     0x000003e9      0x23f crypt.o
 .debug_loc     0x00000628       0x58 example_C.o
 .debug_loc     0x00000680      0x2ac example_AES.o

.debug_macinfo
 *(.debug_macinfo)
OUTPUT(BHW_SOSSE.elf elf32-avr)
LOAD linker stubs
